2026-07-13 14:34:49+00:00 [Note] [Entrypoint]: Entrypoint script for MySQL Server 9.7.0-1.el9 started.
2026-07-13 14:34:50+00:00 [Note] [Entrypoint]: Switching to dedicated user 'mysql'
2026-07-13 14:34:50+00:00 [Note] [Entrypoint]: Entrypoint script for MySQL Server 9.7.0-1.el9 started.
2026-07-13 14:34:50+00:00 [Note] [Entrypoint]: Initializing database files
2026-07-13T14:34:50.806184Z 0 [System] [MY-015017] [Server] MySQL Server Initialization - start.
2026-07-13T14:34:50.807833Z 0 [System] [MY-013169] [Server] /usr/sbin/mysqld (mysqld 9.7.0) initializing of server in progress as process 86
2026-07-13T14:34:50.820613Z 1 [System] [MY-013576] [InnoDB] InnoDB initialization has started.
2026-07-13T14:34:50.847057Z 0 [ERROR] [MY-013632] [InnoDB] sched_setaffinity() failed!
2026-07-13T14:34:52.365303Z 1 [System] [MY-013577] [InnoDB] InnoDB initialization has ended.
2026-07-13T14:34:55.121263Z 6 [Warning] [MY-010453] [Server] root@localhost is created with an empty password ! Please consider switching off the --initialize-insecure option.
2026-07-13T14:34:58.700177Z 0 [System] [MY-015018] [Server] MySQL Server Initialization - end.
2026-07-13 14:34:58+00:00 [Note] [Entrypoint]: Database files initialized
2026-07-13 14:34:58+00:00 [Note] [Entrypoint]: Starting temporary server
2026-07-13T14:34:58.915491Z 0 [System] [MY-015015] [Server] MySQL Server - start.
2026-07-13T14:34:59.247461Z 0 [System] [MY-010116] [Server] /usr/sbin/mysqld (mysqld 9.7.0) starting as process 195
2026-07-13T14:34:59.247493Z 0 [System] [MY-015603] [Server] MySQL Server has access to 64 logical CPUs.
2026-07-13T14:34:59.247541Z 0 [System] [MY-015603] [Server] MySQL Server has access to 1081972289536 bytes of physical memory.
2026-07-13T14:34:59.282919Z 1 [System] [MY-013576] [InnoDB] InnoDB initialization has started.
2026-07-13T14:34:59.317398Z 0 [ERROR] [MY-013632] [InnoDB] sched_setaffinity() failed!
2026-07-13T14:34:59.982386Z 1 [System] [MY-013577] [InnoDB] InnoDB initialization has ended.
2026-07-13T14:35:00.400942Z 0 [Warning] [MY-010068] [Server] CA certificate ca.pem is self signed.
2026-07-13T14:35:00.401032Z 0 [System] [MY-013602] [Server] Channel mysql_main configured to support TLS. Encrypted connections are now supported for this channel.
2026-07-13T14:35:00.409682Z 0 [Warning] [MY-011810] [Server] Insecure configuration for --pid-file: Location '/var/run/mysqld' in the path is accessible to all OS users. Consider choosing a different directory.
2026-07-13T14:35:00.443205Z 0 [System] [MY-011323] [Server] X Plugin ready for connections. Socket: /var/run/mysqld/mysqlx.sock
2026-07-13T14:35:00.443368Z 0 [System] [MY-010931] [Server] /usr/sbin/mysqld: ready for connections. Version: '9.7.0'  socket: '/var/run/mysqld/mysqld.sock'  port: 0  MySQL Community Server - GPL.
2026-07-13 14:35:00+00:00 [Note] [Entrypoint]: Temporary server started.
'/var/lib/mysql/mysql.sock' -> '/var/run/mysqld/mysqld.sock'
Warning: Unable to load '/usr/share/zoneinfo/iso3166.tab' as time zone. Skipping it.
Warning: Unable to load '/usr/share/zoneinfo/leap-seconds.list' as time zone. Skipping it.
Warning: Unable to load '/usr/share/zoneinfo/leapseconds' as time zone. Skipping it.
Warning: Unable to load '/usr/share/zoneinfo/tzdata.zi' as time zone. Skipping it.
Warning: Unable to load '/usr/share/zoneinfo/zone.tab' as time zone. Skipping it.
Warning: Unable to load '/usr/share/zoneinfo/zone1970.tab' as time zone. Skipping it.

2026-07-13 14:35:02+00:00 [Note] [Entrypoint]: Stopping temporary server
2026-07-13T14:35:02.348795Z 11 [System] [MY-013172] [Server] Received SHUTDOWN from user root. Shutting down mysqld (Version: 9.7.0).
2026-07-13T14:35:03.857193Z 0 [System] [MY-010910] [Server] /usr/sbin/mysqld: Shutdown complete (mysqld 9.7.0)  MySQL Community Server - GPL.
2026-07-13T14:35:03.857216Z 0 [System] [MY-015016] [Server] MySQL Server - end.
2026-07-13 14:35:04+00:00 [Note] [Entrypoint]: Temporary server stopped

2026-07-13 14:35:04+00:00 [Note] [Entrypoint]: MySQL init process done. Ready for start up.

2026-07-13T14:35:04.382606Z 0 [System] [MY-015015] [Server] MySQL Server - start.
2026-07-13T14:35:04.672649Z 0 [System] [MY-010116] [Server] /usr/sbin/mysqld (mysqld 9.7.0) starting as process 1
2026-07-13T14:35:04.672673Z 0 [System] [MY-015603] [Server] MySQL Server has access to 64 logical CPUs.
2026-07-13T14:35:04.672698Z 0 [System] [MY-015603] [Server] MySQL Server has access to 1081972289536 bytes of physical memory.
2026-07-13T14:35:04.685690Z 1 [System] [MY-013576] [InnoDB] InnoDB initialization has started.
2026-07-13T14:35:04.718309Z 0 [ERROR] [MY-013632] [InnoDB] sched_setaffinity() failed!
2026-07-13T14:35:05.444135Z 1 [System] [MY-013577] [InnoDB] InnoDB initialization has ended.
2026-07-13T14:35:05.780506Z 0 [Warning] [MY-010068] [Server] CA certificate ca.pem is self signed.
2026-07-13T14:35:05.780551Z 0 [System] [MY-013602] [Server] Channel mysql_main configured to support TLS. Encrypted connections are now supported for this channel.
2026-07-13T14:35:05.795457Z 0 [Warning] [MY-011810] [Server] Insecure configuration for --pid-file: Location '/var/run/mysqld' in the path is accessible to all OS users. Consider choosing a different directory.
2026-07-13T14:35:05.826587Z 0 [System] [MY-011323] [Server] X Plugin ready for connections. Bind-address: '::' port: 33060, socket: /var/run/mysqld/mysqlx.sock
2026-07-13T14:35:05.826628Z 0 [System] [MY-010931] [Server] /usr/sbin/mysqld: ready for connections. Version: '9.7.0'  socket: '/var/run/mysqld/mysqld.sock'  port: 3306  MySQL Community Server - GPL.
2026-07-13T14:35:06.908613Z 0 [System] [MY-013172] [Server] Received SHUTDOWN from user <via user signal>. Shutting down mysqld (Version: 9.7.0).
2026-07-13T14:35:08.234706Z 0 [System] [MY-010910] [Server] /usr/sbin/mysqld: Shutdown complete (mysqld 9.7.0)  MySQL Community Server - GPL.
2026-07-13T14:35:08.234726Z 0 [System] [MY-015016] [Server] MySQL Server - end.
2026-07-13 14:35:09+00:00 [Note] [Entrypoint]: Entrypoint script for MySQL Server 9.7.0-1.el9 started.
2026-07-13 14:35:09+00:00 [Note] [Entrypoint]: Switching to dedicated user 'mysql'
2026-07-13 14:35:09+00:00 [Note] [Entrypoint]: Entrypoint script for MySQL Server 9.7.0-1.el9 started.
'/var/lib/mysql/mysql.sock' -> '/var/run/mysqld/mysqld.sock'
2026-07-13T14:35:10.201024Z 0 [System] [MY-015015] [Server] MySQL Server - start.
2026-07-13T14:35:10.475342Z 0 [System] [MY-010116] [Server] /usr/sbin/mysqld (mysqld 9.7.0) starting as process 1
2026-07-13T14:35:10.475374Z 0 [System] [MY-015603] [Server] MySQL Server has access to 64 logical CPUs.
2026-07-13T14:35:10.475413Z 0 [System] [MY-015603] [Server] MySQL Server has access to 1081972289536 bytes of physical memory.
2026-07-13T14:35:10.486341Z 1 [System] [MY-013576] [InnoDB] InnoDB initialization has started.
2026-07-13T14:35:10.519163Z 0 [ERROR] [MY-013632] [InnoDB] sched_setaffinity() failed!
2026-07-13T14:35:11.164395Z 1 [System] [MY-013577] [InnoDB] InnoDB initialization has ended.
2026-07-13T14:35:11.506320Z 0 [Warning] [MY-010068] [Server] CA certificate ca.pem is self signed.
2026-07-13T14:35:11.506370Z 0 [System] [MY-013602] [Server] Channel mysql_main configured to support TLS. Encrypted connections are now supported for this channel.
2026-07-13T14:35:11.515156Z 0 [Warning] [MY-011810] [Server] Insecure configuration for --pid-file: Location '/var/run/mysqld' in the path is accessible to all OS users. Consider choosing a different directory.
2026-07-13T14:35:11.564512Z 0 [System] [MY-011323] [Server] X Plugin ready for connections. Bind-address: '::' port: 33060, socket: /var/run/mysqld/mysqlx.sock
2026-07-13T14:35:11.564621Z 0 [System] [MY-010931] [Server] /usr/sbin/mysqld: ready for connections. Version: '9.7.0'  socket: '/var/run/mysqld/mysqld.sock'  port: 3306  MySQL Community Server - GPL.
