2026-07-13 14:33:39+00:00 [Note] [Entrypoint]: Entrypoint script for MySQL Server 9.7.0-1.el9 started.
2026-07-13 14:33:39+00:00 [Note] [Entrypoint]: Switching to dedicated user 'mysql'
2026-07-13 14:33:39+00:00 [Note] [Entrypoint]: Entrypoint script for MySQL Server 9.7.0-1.el9 started.
2026-07-13 14:33:40+00:00 [Note] [Entrypoint]: Initializing database files
2026-07-13T14:33:40.129443Z 0 [System] [MY-015017] [Server] MySQL Server Initialization - start.
2026-07-13T14:33:40.131157Z 0 [System] [MY-013169] [Server] /usr/sbin/mysqld (mysqld 9.7.0) initializing of server in progress as process 87
2026-07-13T14:33:40.156915Z 1 [System] [MY-013576] [InnoDB] InnoDB initialization has started.
2026-07-13T14:33:40.188595Z 0 [ERROR] [MY-013632] [InnoDB] sched_setaffinity() failed!
2026-07-13T14:33:42.064245Z 1 [System] [MY-013577] [InnoDB] InnoDB initialization has ended.
2026-07-13T14:33:44.986462Z 6 [Warning] [MY-010453] [Server] root@localhost is created with an empty password ! Please consider switching off the --initialize-insecure option.
2026-07-13T14:33:49.398345Z 0 [System] [MY-015018] [Server] MySQL Server Initialization - end.
2026-07-13 14:33:49+00:00 [Note] [Entrypoint]: Database files initialized
2026-07-13 14:33:49+00:00 [Note] [Entrypoint]: Starting temporary server
2026-07-13T14:33:49.560480Z 0 [System] [MY-015015] [Server] MySQL Server - start.
2026-07-13T14:33:49.821597Z 0 [System] [MY-010116] [Server] /usr/sbin/mysqld (mysqld 9.7.0) starting as process 203
2026-07-13T14:33:49.821612Z 0 [System] [MY-015603] [Server] MySQL Server has access to 64 logical CPUs.
2026-07-13T14:33:49.821646Z 0 [System] [MY-015603] [Server] MySQL Server has access to 1081972289536 bytes of physical memory.
2026-07-13T14:33:49.858950Z 1 [System] [MY-013576] [InnoDB] InnoDB initialization has started.
2026-07-13T14:33:49.895877Z 0 [ERROR] [MY-013632] [InnoDB] sched_setaffinity() failed!
2026-07-13T14:33:50.611247Z 1 [System] [MY-013577] [InnoDB] InnoDB initialization has ended.
2026-07-13T14:33:51.081507Z 0 [Warning] [MY-010068] [Server] CA certificate ca.pem is self signed.
2026-07-13T14:33:51.081559Z 0 [System] [MY-013602] [Server] Channel mysql_main configured to support TLS. Encrypted connections are now supported for this channel.
2026-07-13T14:33:51.088104Z 0 [Warning] [MY-011810] [Server] Insecure configuration for --pid-file: Location '/var/run/mysqld' in the path is accessible to all OS users. Consider choosing a different directory.
2026-07-13T14:33:51.120648Z 0 [System] [MY-011323] [Server] X Plugin ready for connections. Socket: /var/run/mysqld/mysqlx.sock
2026-07-13T14:33:51.120786Z 0 [System] [MY-010931] [Server] /usr/sbin/mysqld: ready for connections. Version: '9.7.0'  socket: '/var/run/mysqld/mysqld.sock'  port: 0  MySQL Community Server - GPL.
2026-07-13 14:33:51+00:00 [Note] [Entrypoint]: Temporary server started.
'/var/lib/mysql/mysql.sock' -> '/var/run/mysqld/mysqld.sock'
Warning: Unable to load '/usr/share/zoneinfo/iso3166.tab' as time zone. Skipping it.
Warning: Unable to load '/usr/share/zoneinfo/leap-seconds.list' as time zone. Skipping it.
Warning: Unable to load '/usr/share/zoneinfo/leapseconds' as time zone. Skipping it.
Warning: Unable to load '/usr/share/zoneinfo/tzdata.zi' as time zone. Skipping it.
Warning: Unable to load '/usr/share/zoneinfo/zone.tab' as time zone. Skipping it.
Warning: Unable to load '/usr/share/zoneinfo/zone1970.tab' as time zone. Skipping it.

2026-07-13 14:33:53+00:00 [Note] [Entrypoint]: Stopping temporary server
2026-07-13T14:33:53.058429Z 17 [System] [MY-013172] [Server] Received SHUTDOWN from user root. Shutting down mysqld (Version: 9.7.0).
